# The arena is represented by a 3D map. A map is defined by a boundary and a
# list of obstacles.  A boundary is defined by a list of 3D planes.  Each 3D
# plane is defined by a list of 3D points

map:
  boundary: [
    # Bottom
    [ 
      [ 0,  0,  0, 10,  0,  0],
      [10,  0,  0, 10,  5,  0],
      [10,  5,  0,  0,  5,  0],
      [ 0,  5,  0,  0,  0,  0]
    ],
    # Top
    [
      [ 0,  0,  5, 10,  0,  5],
      [10,  0,  5, 10,  5,  5],
      [10,  5,  5,  0,  5,  5],
      [ 0,  5,  5,  0,  0,  5]
    ],
    # Sides
    [
      [ 0,  0,  0, 10,  0,  0],
      [10,  0,  0, 10,  0,  5],
      [10,  0,  5,  0,  0,  5],
      [ 0,  0,  5,  0,  0,  0]
    ],
    [
      [ 0,  5,  0, 10,  5,  0],
      [10,  5,  0, 10,  5,  5],
      [10,  5,  5,  0,  5,  5],
      [ 0,  5,  5,  0,  5,  0]
    ],
    [
      [ 0,  0,  0,  0,  5,  0],
      [ 0,  5,  0,  0,  5,  5],
      [ 0,  5,  5,  0,  0,  5],
      [ 0,  0,  5,  0,  0,  0]
    ],
    [
      [10,  0,  0, 10,  5,  0],
      [10,  5,  0, 10,  5,  5],
      [10,  5,  5, 10,  0,  5],
      [10,  0,  5, 10,  0,  0]
    ]
  ]

  obstacles: [
  ]
